************* HEREDOCS *************************

faboussa@z1r9p4:~/minishell$ << EOF cat << stop cat << lol cat  > r
wevwv
EOF
swv
stop
cecw
lol
faboussa@z1r9p4:~/minishell$ cat r
Please ask your administrator.

➜  ~ cat << EOF
heredoc> $USER$BLABLA
heredoc> EOF
faboussa
➜  ~

➜  ~ cat << EOF
heredoc> $USER $BLABLA
heredoc> EOF
faboussa
➜  ~

faboussa@z2r8p4:~$ cat << EOF
> $USER$USER
> EOF
faboussafaboussa
faboussa@z2r8p4:~$

faboussa@z2r8p4:~$ cat << EOF
> sdbwrbb$USER
> EOF
sdbwrbbfaboussa

faboussa@z2r8p4:~$ cat << stop
> $USER=
> stop
faboussa=


************** builtins ************************

//// GENERAL /////
-c "d ls echo hihi echo export unset exit"
 on doit avoir builtin 0 :
-c "cdc"
-c "c"

//// EXIT /////
faboussa@z4r9p5:~$ exit l
exit
bash: exit: l: numeric argument required
->status exit = 2,

➜  ~ bash
faboussa@z4r9p5:~$ exit 555555
exit
➜  ~ $?
zsh: command not found: 35


********************** EXPANSIONS *******************


-c "$USER $USER= $USER=fafsasfaf"
09:26:25 juba@juba-desktop ~ → echo "$USER $USER= $USER=fafsasfaf"
juba juba= juba=fafsasfaf

10:17:04 juba@juba-desktop minishell ±|parsing ✗|→ echo "$"USER"="
$USER=


faboussa@z2r7p8:~$ echo $dgsdg$USER
faboussa

faboussa@z2r7p8:~$ echo adsdgs$USER
adsdgsfaboussa


~/tommini main ❯ echo $'USER'
USER

 -c " \"g''\" "
faboussa@z1r12p5:~/minishell$ echo "g''"
g''

-c " \"g\"''\"\" " == NOK
faboussa@z1r12p5:~/minishell$ echo "g"''""
g

-c " g\"$'USER'\" "
faboussa@z1r12p5:~/minishell$ echo g"$'USER'"
g$'USER'

-c "\"' ha ha '\" "

-c "\"' ha "ha" '\" "
07:45:22 juba@juba-desktop ~ → echo "' ha "ha" '"
' ha ha '


-----> reagit si on entre un seul tilde

****************** redirections -*******************

delimiters:
faboussa@z1r9p4:~$ chmod 000 glagla
faboussa@z1r9p4:~$ << babla > glagla ls OU << blabla ls > glagla
                                           > blabla
> blabla
> babla
bash: glagla: Permission denied

---> doit ouvrir le outfile mais rien ecrire dedans

faboussa@z1r9p4:~$ << stop > > | ls
bash: syntax error near unexpected token `>'
> stop



faboussa@z1r9p4:~$ << stop > ||
bash: syntax error near unexpected token `||'
> stop

si heredoc : louvrir + error message sans exit. ne soccupe pas du reste
faboussa@z1r9p4:~$ << stop >>
> stop
bash: syntax error near unexpected token `newline'
