************* HEREDOCS *************************

faboussa@z1r9p4:~/minishell$ << EOF cat << stop cat << lol cat  > r
wevwv
EOF
swv
stop
cecw
lol
faboussa@z1r9p4:~/minishell$ cat r
Please ask your administrator.

➜  ~ cat << EOF
heredoc> $USER$BLABLA
heredoc> EOF
faboussa
➜  ~

➜  ~ cat << EOF
heredoc> $USER $BLABLA
heredoc> EOF
faboussa
➜  ~

faboussa@z2r8p4:~$ cat << EOF
> $USER$USER
> EOF
faboussafaboussa
faboussa@z2r8p4:~$

faboussa@z2r8p4:~$ cat << EOF
> sdbwrbb$USER
> EOF
sdbwrbbfaboussa

faboussa@z2r8p4:~$ cat << stop
> $USER=
> stop
faboussa=


************** builtins ************************

//// GENERAL /////
-c "d ls echo hihi echo export unset exit"
 on doit avoir builtin 0 :
-c "cdc"
-c "c"

//// EXIT /////
faboussa@z4r9p5:~$ exit l
exit
bash: exit: l: numeric argument required
->status exit = 2,

➜  ~ bash
faboussa@z4r9p5:~$ exit 555555
exit
➜  ~ $?
zsh: command not found: 35


********************** EXPANSIONS *******************


-c "$USER $USER= $USER=fafsasfaf"

faboussa@z2r7p8:~$ echo $dgsdg$USER
faboussa
faboussa@z2r7p8:~$ echo adsdgs$USER
adsdgsfaboussa

~/tommini main ❯ echo $USER=fgfgfg
faboussa=fgfgfg

~/tommini main ❯ echo $'USER'
USER


-----> reagit si on entre un seul tilde

****************** redirections -*******************

delimiters:
faboussa@z1r9p4:~$ chmod 000 glagla
faboussa@z1r9p4:~$ << babla > glagla ls OU << blabla ls > glagla
                                           > blabla
> blabla
> babla
bash: glagla: Permission denied

---> doit ouvrir le outfile mais rien ecrire dedans

faboussa@z1r9p4:~$ << stop > > | ls
bash: syntax error near unexpected token `>'
> stop



faboussa@z1r9p4:~$ << stop > ||
bash: syntax error near unexpected token `||'
> stop

si heredoc : louvrir + error message sans exit. ne soccupe pas du reste
faboussa@z1r9p4:~$ << stop >>
> stop
bash: syntax error near unexpected token `newline'
