//********************* TODO ***********************////

10:36:57 juba@juba-desktop tommini ±|main ✗|→ ./minishell
~/tommini main ❯ h$
minishell: h$: command not found

faboussa@z3r8p5:~/minishell$ ls |
>
bash: syntax error: unexpected end of file
exit


A variable may be assigned to by a statement of the form

name=[value]
If value is not given, the variable is assigned the null string.  !!!!!!!!!
All values undergo tilde expansion,
 parameter and variable expansion, command substitution, arithmetic expansion, and quote removal (see Shell Parameter Expansion).

 relire les signaux code et doc de shell
////////////////////////////////////////////////////////////
revoir avec melodie
09:54:02 juba@juba-desktop minishell ±|parsing ✗|→ minishell -c "echo "" "" "" test "
minishell: command not found

/////////////////////////////////////////////////////////



************* HEREDOCS *************************

faboussa@z1r9p4:~/minishell$ << EOF cat << stop cat << lol cat  > r
wevwv
EOF
swv
stop
cecw
lol
faboussa@z1r9p4:~/minishell$ cat r
Please ask your administrator.

➜  ~ cat << EOF
heredoc> $USER$BLABLA
heredoc> EOF
faboussa
➜  ~

➜  ~ cat << EOF
heredoc> $USER $BLABLA
heredoc> EOF
faboussa
➜  ~

****************************************** HEREDOC **********************************
faboussa@z2r8p4:~$ cat << stop
> $USER$USER
> EOF
faboussafaboussa
faboussa@z2r8p4:~$
faboussa@z1r8p5:~$ cat << "lala $USER"$USER $USER
> lala $USER$USER
cat: faboussa: No such file or directory
faboussa@z2r8p4:~$ cat << stop
> sdbwrbb$USER
> EOF
sdbwrbbfaboussa
faboussa@z2r8p4:~$ cat << stop
> $USER=
> stop
faboussa=
10:13:52 juba@juba-desktop ~ → cat << stop ////////////////////////////////////// KO output vide
> $'USER'
> stop
$'USER'
10:14:08 juba@juba-desktop ~ → cat << stop
> b$blab$USER$bl
> stop
bjuba
11:23:54 juba@juba-desktop ~ → cat << stop //////////////////////// KO manque les espaces
> $USER $USER= $USER=fafsasfaf
> stop
juba juba= juba=fafsasfaf
11:45:42 juba@juba-desktop ~ → cat << stop
> "$USER" '$USER='
> stop
"juba" 'juba='
11:57:47 juba@juba-desktop ~ → cat << stop  ==== condition de garder le dollar si suivi de guillemets ////////////////////////////////////// KO output vide
> $'USER' $"USER"
> stop
$'USER' $"USER"


faboussa@z3r8p5:~/minishell$ cat << a""
> $USER
> a
$USER
faboussa@z3r8p5:~/minishell$ cat << a
> $USER
> a
faboussa

faboussa@z3r8p5:~/minishell$ echo $SHLVL
5

************** builtins ************************

//// GENERAL /////
-c "d ls echo hihi echo export unset exit"
 on doit avoir builtin 0 :
-c "cdc"
-c "c"

//// EXIT /////
faboussa@z4r9p5:~$ exit l
exit
bash: exit: l: numeric argument required
->status exit = 2,

➜  ~ bash
faboussa@z4r9p5:~$ exit 555555
exit
➜  ~ $?
zsh: command not found: 35

*************************** EXPANSION  ***********************

09:26:25 juba@juba-desktop ~ → echo "$USER $USER= $USER=fafsasfaf"
juba juba= juba=fafsasfaf
10:17:04 juba@juba-desktop minishell ±|parsing ✗|→ echo "$"USER"="
$USER=
05:52:22 juba@juba-desktop minishell ±|parsing ✗|→ echo '$'USER'='
$USER=
05:12:04 juba@juba-desktop minishell ±|parsing ✗|→ echo $'USER'
USER
05:26:15 juba@juba-desktop minishell ±|parsing ✗|→ echo $"USER"
USER
05:26:24 juba@juba-desktop minishell ±|parsing ✗|→ echo "$USER"
juba
05:26:37 juba@juba-desktop minishell ±|parsing ✗|→ echo '$USER'
$USER
05:08:12 juba@juba-desktop minishell ±|parsing ✗|→ echo '    $USER'
    $USER: command not found
05:26:39 juba@juba-desktop minishell ±|parsing ✗|→ echo '$    USER'
$    USER: command not found
faboussa@z1r11p5:~/minishell$  echo "    $USER"
    faboussa
10:11:58 juba@juba-desktop ~ → echo $""""USER""
USER
faboussa@z1r11p5:~/minishell$  echo "$1234USER"
234USER
faboussa@z1r12p5:~/minishell$ echo g"$'USER'"
g$'USER'
faboussa@z2r7p8:~$ echo $dgsdg$USER
faboussa
faboussa@z2r7p8:~$ echo adsdgs$USER
adsdgsfaboussa


*************************** QUOTES  ***********************

faboussa@z1r12p5:~/minishell$ echo  "g''"
g''
faboussa@z1r12p5:~/minishell$  echo  "g"''""
g
07:45:22 juba@juba-desktop ~ → echo "' ha "ha" '"
' ha ha '
04:01:20 juba@juba-desktop minishell ±|parsing ✗|→ echo """"

04:01:26 juba@juba-desktop minishell ±|parsing ✗|→ echo "''"
''
04:01:32 juba@juba-desktop minishell ±|parsing ✗|→ echo ''''

04:10:04 juba@juba-desktop minishell ±|parsing ✗|→ echo """"''""""

04:40:23 juba@juba-desktop minishell ±|parsing ✗|→ echo '""'""
""
faboussa@z1r11p5:~$ echo ""'""'""
""

****************** redirections -*******************

delimiters:
faboussa@z1r9p4:~$ chmod 000 glagla
faboussa@z1r9p4:~$ << babla > glagla ls OU << blabla ls > glagla
                                           > blabla
> blabla
> babla
bash: glagla: Permission denied

---> doit ouvrir le outfile mais rien ecrire dedans

faboussa@z1r9p4:~$ << stop > > | ls
bash: syntax error near unexpected token `>'
> stop



faboussa@z1r9p4:~$ << stop > ||
bash: syntax error near unexpected token `||'
> stop

si heredoc : louvrir + error message sans exit. ne soccupe pas du reste
faboussa@z1r9p4:~$ << stop >>
> stop
bash: syntax error near unexpected token `newline'
