************* HEREDOCS *************************

faboussa@z1r9p4:~/minishell$ << EOF cat << stop cat << lol cat  > r
wevwv
EOF
swv
stop
cecw
lol
faboussa@z1r9p4:~/minishell$ cat r
Please ask your administrator.

************** builtins ************************
-c "d ls echo hihi echo export unset exit"
 on doit avoir builtin 0 :
-c "cdc"
-c "c"



****************** redirections -*******************

delimiters:
faboussa@z1r9p4:~$ chmod 000 glagla
faboussa@z1r9p4:~$ << babla > glagla ls OU << blabla ls > glagla
                                           > blabla
> blabla
> babla
bash: glagla: Permission denied

---> doit ouvrir le outfile mais rien ecrire dedans

faboussa@z1r9p4:~$ << stop > > | ls
bash: syntax error near unexpected token `>'
> stop



faboussa@z1r9p4:~$ << stop > ||
bash: syntax error near unexpected token `||'
> stop

si heredoc : louvrir + error message sans exit. ne soccupe pas du reste
faboussa@z1r9p4:~$ << stop >>
> stop
bash: syntax error near unexpected token `newline'
