************* HEREDOCS *************************

faboussa@z1r9p4:~/minishell$ << EOF cat << stop cat << lol cat  > r
wevwv
EOF
swv
stop
cecw
lol
faboussa@z1r9p4:~/minishell$ cat r
Please ask your administrator.

************** builtins ************************

//// GENERAL /////
-c "d ls echo hihi echo export unset exit"
 on doit avoir builtin 0 :
-c "cdc"
-c "c"

//// EXIT /////
faboussa@z4r9p5:~$ exit l
exit
bash: exit: l: numeric argument required
->status exit = 2,

➜  ~ bash
faboussa@z4r9p5:~$ exit 555555
exit
➜  ~ $?
zsh: command not found: 35


**********************gestion des simple quotes *******************

A GERER OU PAS ??? DELMANDER . du sujet je comprends quil ne faut pas gerer(fanny)

05:26:51 juba@juba-desktop→ echo > 'bls
> 'bls


05:30:46 juba@juba-desktop→ ech 'bls
>
bash: unexpected EOF while looking for matching `''
bash: syntax error: unexpected end of file

05:31:01 juba@juba-desktop→ echo 'bls
>
bash: unexpected EOF while looking for matching `''
bash: syntax error: unexpected end of file

05:31:36 juba@juba-desktop→ echo bls'
> bls'
bls
bls

-----> reagit si on entre un seul tilde

****************** redirections -*******************

delimiters:
faboussa@z1r9p4:~$ chmod 000 glagla
faboussa@z1r9p4:~$ << babla > glagla ls OU << blabla ls > glagla
                                           > blabla
> blabla
> babla
bash: glagla: Permission denied

---> doit ouvrir le outfile mais rien ecrire dedans

faboussa@z1r9p4:~$ << stop > > | ls
bash: syntax error near unexpected token `>'
> stop



faboussa@z1r9p4:~$ << stop > ||
bash: syntax error near unexpected token `||'
> stop

si heredoc : louvrir + error message sans exit. ne soccupe pas du reste
faboussa@z1r9p4:~$ << stop >>
> stop
bash: syntax error near unexpected token `newline'
