************* HEREDOCS *************************

faboussa@z1r9p4:~/minishell$ << EOF cat << stop cat << lol cat  > r
wevwv
EOF
swv
stop
cecw
lol
faboussa@z1r9p4:~/minishell$ cat r
Please ask your administrator.

➜  ~ cat << EOF
heredoc> $USER$BLABLA
heredoc> EOF
faboussa
➜  ~

➜  ~ cat << EOF
heredoc> $USER $BLABLA
heredoc> EOF
faboussa
➜  ~

****************************************** HEREDOC **********************************
faboussa@z2r8p4:~$ cat << EOF
> $USER$USER
> EOF
faboussafaboussa
faboussa@z2r8p4:~$

faboussa@z2r8p4:~$ cat << EOF
> sdbwrbb$USER
> EOF
sdbwrbbfaboussa

faboussa@z2r8p4:~$ cat << stop
> $USER=
> stop
faboussa=

10:13:52 juba@juba-desktop ~ → cat << stop
> $'USER'
> stop
$'USER'

10:14:08 juba@juba-desktop ~ → cat << stop
> b$blab$USER$bl
> stop
bjuba

11:23:54 juba@juba-desktop ~ → cat << stop
> $USER $USER= $USER=fafsasfaf
> stop
juba juba= juba=fafsasfaf

11:45:42 juba@juba-desktop ~ → cat << stop
> "$USER" '$USER='
> stop
"juba" 'juba='

11:57:47 juba@juba-desktop ~ → cat << stop  ==== condition de garder le dollar si suivi de guillemets
> $'USER' $"USER"
> stop
$'USER' $"USER"



************** builtins ************************

//// GENERAL /////
-c "d ls echo hihi echo export unset exit"
 on doit avoir builtin 0 :
-c "cdc"
-c "c"

//// EXIT /////
faboussa@z4r9p5:~$ exit l
exit
bash: exit: l: numeric argument required
->status exit = 2,

➜  ~ bash
faboussa@z4r9p5:~$ exit 555555
exit
➜  ~ $?
zsh: command not found: 35


*************************** quotes ***********************
-c "$USER $USER= $USER=fafsasfaf"
09:26:25 juba@juba-desktop ~ → echo "$USER $USER= $USER=fafsasfaf"
juba juba= juba=fafsasfaf

10:17:04 juba@juba-desktop minishell ±|parsing ✗|→ echo "$"USER"=" /////// KO
$USER=

05:11:54 juba@juba-desktop minishell ±|parsing ✗|→ echo "$USER"
juba
05:12:04 juba@juba-desktop minishell ±|parsing ✗|→ echo $'USER'
USER
05:26:15 juba@juba-desktop minishell ±|parsing ✗|→ echo $"USER"
USER
05:26:24 juba@juba-desktop minishell ±|parsing ✗|→ echo "$USER"
juba
05:26:37 juba@juba-desktop minishell ±|parsing ✗|→ echo '$USER'
$USER

10:11:58 juba@juba-desktop ~ → echo $""""USER""
USER

~/tommini main ❯ echo "$$$$$USER"
$$$$juba

08:29:43 juba@juba-desktop tommini ±|main ✗|→ echo "$$$$USER"
53585358USER


-c " g\"$'USER'\" "
faboussa@z1r12p5:~/minishell$ echo g"$'USER'"
g$'USER'

faboussa@z2r7p8:~$ echo $dgsdg$USER
faboussa

faboussa@z2r7p8:~$ echo adsdgs$USER
adsdgsfaboussa


 -c " \"g''\" "
faboussa@z1r12p5:~/minishell$ echo  "g''"
g''

-c " \"g\"''\"\" "
faboussa@z1r12p5:~/minishell$ echo "g"''""
g

-c "\"' ha "ha" '\" "
07:45:22 juba@juba-desktop ~ → echo "' ha "ha" '"
' ha ha '

04:01:20 juba@juba-desktop minishell ±|parsing ✗|→ echo """"

04:01:26 juba@juba-desktop minishell ±|parsing ✗|→ echo "''"
''
04:01:32 juba@juba-desktop minishell ±|parsing ✗|→ echo ''''

04:10:04 juba@juba-desktop minishell ±|parsing ✗|→ echo """"''""""

04:40:23 juba@juba-desktop minishell ±|parsing ✗|→ echo '""'""
""

04:10:09 juba@juba-desktop minishell ±|parsing ✗|→ echo """"'""'""
""


-----> reagit si on entre un seul tilde

****************** redirections -*******************

delimiters:
faboussa@z1r9p4:~$ chmod 000 glagla
faboussa@z1r9p4:~$ << babla > glagla ls OU << blabla ls > glagla
                                           > blabla
> blabla
> babla
bash: glagla: Permission denied

---> doit ouvrir le outfile mais rien ecrire dedans

faboussa@z1r9p4:~$ << stop > > | ls
bash: syntax error near unexpected token `>'
> stop



faboussa@z1r9p4:~$ << stop > ||
bash: syntax error near unexpected token `||'
> stop

si heredoc : louvrir + error message sans exit. ne soccupe pas du reste
faboussa@z1r9p4:~$ << stop >>
> stop
bash: syntax error near unexpected token `newline'
